.. 0
.. 10000
.. 20000
.. 30000
.. 40000
.. 50000
.. 60000
.. 70000
.. 80000
.. 90000
.. 100000
.. 110000
.. 120000
N = 130000
  G: 2.674e-12
  R1: 1.345e-09
  R2: 1.334e-09
  R3: 0.000e+00
  R4: 2.674e-12
  F3: 2.266e-14
  mneg: -0.000e+00
  termwise_orig: 2.432e+00
termwise-orig violating states: 486 / 454883 = 0.1068%
top ratios lhs/rhs for G: ['0.999980(bin,single,min)', '0.999858(coarse,rand_argmax,min)', '0.999687(bin,single,min)', '0.999627(coarse,rand_argmax,rand)', '0.999532(coarse,rand_argmax,rand)', '0.999156(coarse,rand_argmax,min)', '0.999144(coarse,uniform_argmax,max)', '0.998932(bin,uniform_argmax,max)']
