⚠ [1987/2062] Replayed PolicyGradient.Chain
warning: PolicyGradient/Chain.lean:83:0: automatically included section variable(s) unused in theorem `PolicyGradient.step_nonneg`:
  [DecidableEq S]
consider restructuring your `variable` declarations so that the variables are not in scope or explicitly omit them:
  omit [DecidableEq S] in theorem ...

Note: This linter can be disabled with `set_option linter.unusedSectionVars false`
warning: PolicyGradient/Chain.lean:89:0: automatically included section variable(s) unused in theorem `PolicyGradient.step_sum_eq_one`:
  [DecidableEq S]
consider restructuring your `variable` declarations so that the variables are not in scope or explicitly omit them:
  omit [DecidableEq S] in theorem ...

Note: This linter can be disabled with `set_option linter.unusedSectionVars false`
⚠ [1988/2062] Replayed PolicyGradient.Bounded
warning: PolicyGradient/Bounded.lean:22:0: automatically included section variable(s) unused in theorem `PolicyGradient.exists_reward_bound`:
  [DecidableEq S]
consider restructuring your `variable` declarations so that the variables are not in scope or explicitly omit them:
  omit [DecidableEq S] in theorem ...

Note: This linter can be disabled with `set_option linter.unusedSectionVars false`
warning: PolicyGradient/Bounded.lean:31:13: Variable name `hC` is not explicitly referenced.

Hint: The binding can be removed (if unused) or named `_` (if used implicitly). Alternatively, prefix the name with `_` to silence this warning:
  [apply] _hC

Note: This linter can be disabled with `set_option linter.unusedVariables false`
warning: PolicyGradient/Bounded.lean:45:0: automatically included section variable(s) unused in theorem `PolicyGradient.abs_V_le`:
  [DecidableEq S]
consider restructuring your `variable` declarations so that the variables are not in scope or explicitly omit them:
  omit [DecidableEq S] in theorem ...

Note: This linter can be disabled with `set_option linter.unusedSectionVars false`
⚠ [1990/2062] Replayed PolicyGradient.Theorem
warning: PolicyGradient/Theorem.lean:76:8: automatically included section variable(s) unused in theorem `PolicyGradient.dV_zero`:
  [DecidableEq S]
consider restructuring your `variable` declarations so that the variables are not in scope or explicitly omit them:
  omit [DecidableEq S] in theorem ...

Note: This linter can be disabled with `set_option linter.unusedSectionVars false`
warning: PolicyGradient/Theorem.lean:78:0: automatically included section variable(s) unused in theorem `PolicyGradient.dV_succ`:
  [DecidableEq S]
consider restructuring your `variable` declarations so that the variables are not in scope or explicitly omit them:
  omit [DecidableEq S] in theorem ...

Note: This linter can be disabled with `set_option linter.unusedSectionVars false`
warning: PolicyGradient/Theorem.lean:84:0: automatically included section variable(s) unused in theorem `PolicyGradient.hasDerivAt_Q`:
  [DecidableEq S]
consider restructuring your `variable` declarations so that the variables are not in scope or explicitly omit them:
  omit [DecidableEq S] in theorem ...

Note: This linter can be disabled with `set_option linter.unusedSectionVars false`
⚠ [1991/2062] Replayed PolicyGradient.Infinite
warning: PolicyGradient/Infinite.lean:238:0: automatically included section variable(s) unused in theorem `PolicyGradient.V_bellman`:
  [DecidableEq S]
consider restructuring your `variable` declarations so that the variables are not in scope or explicitly omit them:
  omit [DecidableEq S] in theorem ...

Note: This linter can be disabled with `set_option linter.unusedSectionVars false`
⚠ [2138/2218] Replayed PolicyGradient.Softmax
warning: PolicyGradient/Softmax.lean:45:8: automatically included section variable(s) unused in theorem `PolicyGradient.softmax_apply`:
  [DecidableEq A]
consider restructuring your `variable` declarations so that the variables are not in scope or explicitly omit them:
  omit [DecidableEq A] in theorem ...

Note: This linter can be disabled with `set_option linter.unusedSectionVars false`
warning: PolicyGradient/Softmax.lean:49:0: automatically included section variable(s) unused in theorem `PolicyGradient.softmax_denom_pos`:
  [DecidableEq A]
consider restructuring your `variable` declarations so that the variables are not in scope or explicitly omit them:
  omit [DecidableEq A] in theorem ...

Note: This linter can be disabled with `set_option linter.unusedSectionVars false`
warning: PolicyGradient/Softmax.lean:50:22: Variable name `a'` is not explicitly referenced.

Hint: The binding can be removed (if unused) or named `_` (if used implicitly). Alternatively, prefix the name with `_` to silence this warning:
  [apply] _a'

Note: This linter can be disabled with `set_option linter.unusedVariables false`
warning: PolicyGradient/Softmax.lean:78:36: Used `tac1 <;> tac2` where `(tac1; tac2)` would suffice

Note: This linter can be disabled with `set_option linter.unnecessarySeqFocus false`
warning: PolicyGradient/Softmax.lean:108:0: automatically included section variable(s) unused in theorem `PolicyGradient.exp_sum_diff`:
  [DecidableEq A]
  [Nonempty A]
consider restructuring your `variable` declarations so that the variables are not in scope or explicitly omit them:
  omit [DecidableEq A] [Nonempty A] in theorem ...

Note: This linter can be disabled with `set_option linter.unusedSectionVars false`
warning: PolicyGradient/Softmax.lean:121:0: automatically included section variable(s) unused in theorem `PolicyGradient.softmax_diff`:
  [Nonempty A]
consider restructuring your `variable` declarations so that the variables are not in scope or explicitly omit them:
  omit [Nonempty A] in theorem ...

Note: This linter can be disabled with `set_option linter.unusedSectionVars false`
warning: PolicyGradient/Softmax.lean:121:8: Overlapping instance parameters in `softmax_diff`:

⚠️ There are 2 `[Nonempty A]` instances; one is sufficient.

Note: This linter can be disabled with `set_option linter.overlappingInstances false`
warning: PolicyGradient/Softmax.lean:159:8: automatically included section variable(s) unused in theorem `PolicyGradient.softmaxPolicy_apply`:
  [Fintype S]
  [DecidableEq S]
  [DecidableEq A]
consider restructuring your `variable` declarations so that the variables are not in scope or explicitly omit them:
  omit [Fintype S] [DecidableEq S] [DecidableEq A] in theorem ...

Note: This linter can be disabled with `set_option linter.unusedSectionVars false`
warning: PolicyGradient/Softmax.lean:166:0: automatically included section variable(s) unused in theorem `PolicyGradient.softmaxPolicy_pos`:
  [Fintype S]
  [DecidableEq S]
consider restructuring your `variable` declarations so that the variables are not in scope or explicitly omit them:
  omit [Fintype S] [DecidableEq S] in theorem ...

Note: This linter can be disabled with `set_option linter.unusedSectionVars false`
⚠ [2488/2510] Replayed PolicyGradient.Proofs
warning: PolicyGradient/Proofs.lean:77:0: automatically included section variable(s) unused in theorem `PolicyGradient.Proofs.Vinf_le_one_div`:
  [DecidableEq A]
  [Nonempty S]
  [Nonempty A]
consider restructuring your `variable` declarations so that the variables are not in scope or explicitly omit them:
  omit [DecidableEq A] [Nonempty S] [Nonempty A] in theorem ...

Note: This linter can be disabled with `set_option linter.unusedSectionVars false`
warning: PolicyGradient/Proofs.lean:118:0: automatically included section variable(s) unused in theorem `PolicyGradient.Proofs.ascent_trajectory_exists_proof`:
  [DecidableEq A]
  [Nonempty S]
  [Nonempty A]
consider restructuring your `variable` declarations so that the variables are not in scope or explicitly omit them:
  omit [DecidableEq A] [Nonempty S] [Nonempty A] in theorem ...

Note: This linter can be disabled with `set_option linter.unusedSectionVars false`
warning: PolicyGradient/Proofs.lean:129:0: automatically included section variable(s) unused in theorem `PolicyGradient.Proofs.visit_le_one`:
  [DecidableEq A]
  [Nonempty S]
  [Nonempty A]
consider restructuring your `variable` declarations so that the variables are not in scope or explicitly omit them:
  omit [DecidableEq A] [Nonempty S] [Nonempty A] in theorem ...

Note: This linter can be disabled with `set_option linter.unusedSectionVars false`
warning: PolicyGradient/Proofs.lean:221:0: automatically included section variable(s) unused in theorem `PolicyGradient.Proofs.detPolicy_apply`:
  [Fintype S]
  [DecidableEq S]
  [Nonempty S]
  [Nonempty A]
consider restructuring your `variable` declarations so that the variables are not in scope or explicitly omit them:
  omit [Fintype S] [DecidableEq S] [Nonempty S] [Nonempty A] in theorem ...

Note: This linter can be disabled with `set_option linter.unusedSectionVars false`
warning: PolicyGradient/Proofs.lean:225:0: automatically included section variable(s) unused in theorem `PolicyGradient.Proofs.sum_detPolicy`:
  [Fintype S]
  [DecidableEq S]
  [Nonempty S]
  [Nonempty A]
consider restructuring your `variable` declarations so that the variables are not in scope or explicitly omit them:
  omit [Fintype S] [DecidableEq S] [Nonempty S] [Nonempty A] in theorem ...

Note: This linter can be disabled with `set_option linter.unusedSectionVars false`
warning: PolicyGradient/Proofs.lean:239:0: automatically included section variable(s) unused in theorem `PolicyGradient.Proofs.greedyAct_max`:
  [DecidableEq A]
  [Nonempty S]
consider restructuring your `variable` declarations so that the variables are not in scope or explicitly omit them:
  omit [DecidableEq A] [Nonempty S] in theorem ...

Note: This linter can be disabled with `set_option linter.unusedSectionVars false`
warning: PolicyGradient/Proofs.lean:499:0: automatically included section variable(s) unused in theorem `PolicyGradient.Proofs.dinf_nonneg`:
  [DecidableEq A]
  [Nonempty S]
  [Nonempty A]
consider restructuring your `variable` declarations so that the variables are not in scope or explicitly omit them:
  omit [DecidableEq A] [Nonempty S] [Nonempty A] in theorem ...

Note: This linter can be disabled with `set_option linter.unusedSectionVars false`
warning: PolicyGradient/Proofs.lean:546:0: automatically included section variable(s) unused in theorem `PolicyGradient.Proofs.bddAbove_mismatch`:
  [DecidableEq A]
  [Nonempty S]
  [Nonempty A]
consider restructuring your `variable` declarations so that the variables are not in scope or explicitly omit them:
  omit [DecidableEq A] [Nonempty S] [Nonempty A] in theorem ...

Note: This linter can be disabled with `set_option linter.unusedSectionVars false`
warning: PolicyGradient/Proofs.lean:575:5: Variable name `hγ₀` is not explicitly referenced.

Hint: The binding can be removed (if unused) or named `_` (if used implicitly). Alternatively, prefix the name with `_` to silence this warning:
  [apply] _hγ₀

Note: This linter can be disabled with `set_option linter.unusedVariables false`
warning: PolicyGradient/Proofs.lean:575:21: Variable name `hγ₁` is not explicitly referenced.

Hint: The binding can be removed (if unused) or named `_` (if used implicitly). Alternatively, prefix the name with `_` to silence this warning:
  [apply] _hγ₁

Note: This linter can be disabled with `set_option linter.unusedVariables false`
warning: PolicyGradient/Proofs.lean:623:39: This simp argument is unused:
  Fin.sum_univ_two

Hint: Omit it from the simp argument list.
  [apply] simp [visit_succ, cx_step]

Note: This linter can be disabled with `set_option linter.unusedSimpArgs false`
warning: PolicyGradient/Proofs.lean:730:8: automatically included section variable(s) unused in theorem `PolicyGradient.Proofs.scaleMDP_P`:
  [DecidableEq S]
  [DecidableEq A]
  [Nonempty S]
  [Nonempty A]
consider restructuring your `variable` declarations so that the variables are not in scope or explicitly omit them:
  omit [DecidableEq S] [DecidableEq A] [Nonempty S] [Nonempty A] in theorem ...

Note: This linter can be disabled with `set_option linter.unusedSectionVars false`
warning: PolicyGradient/Proofs.lean:731:8: automatically included section variable(s) unused in theorem `PolicyGradient.Proofs.scaleMDP_r`:
  [DecidableEq S]
  [DecidableEq A]
  [Nonempty S]
  [Nonempty A]
consider restructuring your `variable` declarations so that the variables are not in scope or explicitly omit them:
  omit [DecidableEq S] [DecidableEq A] [Nonempty S] [Nonempty A] in theorem ...

Note: This linter can be disabled with `set_option linter.unusedSectionVars false`
warning: PolicyGradient/Proofs.lean:733:8: automatically included section variable(s) unused in theorem `PolicyGradient.Proofs.scaleMDP_γ`:
  [DecidableEq S]
  [DecidableEq A]
  [Nonempty S]
  [Nonempty A]
consider restructuring your `variable` declarations so that the variables are not in scope or explicitly omit them:
  omit [DecidableEq S] [DecidableEq A] [Nonempty S] [Nonempty A] in theorem ...

Note: This linter can be disabled with `set_option linter.unusedSectionVars false`
warning: PolicyGradient/Proofs.lean:736:0: automatically included section variable(s) unused in theorem `PolicyGradient.Proofs.step_scaleMDP`:
  [DecidableEq S]
  [DecidableEq A]
  [Nonempty S]
  [Nonempty A]
consider restructuring your `variable` declarations so that the variables are not in scope or explicitly omit them:
  omit [DecidableEq S] [DecidableEq A] [Nonempty S] [Nonempty A] in theorem ...

Note: This linter can be disabled with `set_option linter.unusedSectionVars false`
warning: PolicyGradient/Proofs.lean:740:0: automatically included section variable(s) unused in theorem `PolicyGradient.Proofs.visit_scaleMDP`:
  [DecidableEq A]
  [Nonempty S]
  [Nonempty A]
consider restructuring your `variable` declarations so that the variables are not in scope or explicitly omit them:
  omit [DecidableEq A] [Nonempty S] [Nonempty A] in theorem ...

Note: This linter can be disabled with `set_option linter.unusedSectionVars false`
warning: PolicyGradient/Proofs.lean:1000:0: automatically included section variable(s) unused in theorem `PolicyGradient.Proofs.one_le_rewardBound`:
  [DecidableEq S]
  [DecidableEq A]
consider restructuring your `variable` declarations so that the variables are not in scope or explicitly omit them:
  omit [DecidableEq S] [DecidableEq A] in theorem ...

Note: This linter can be disabled with `set_option linter.unusedSectionVars false`
warning: PolicyGradient/Proofs.lean:1005:0: automatically included section variable(s) unused in theorem `PolicyGradient.Proofs.abs_r_le_rewardBound`:
  [DecidableEq S]
  [DecidableEq A]
consider restructuring your `variable` declarations so that the variables are not in scope or explicitly omit them:
  omit [DecidableEq S] [DecidableEq A] in theorem ...

Note: This linter can be disabled with `set_option linter.unusedSectionVars false`
warning: PolicyGradient/Proofs.lean:1107:16: This simp argument is unused:
  Fintype.sum_bool

Hint: Omit it from the simp argument list.
  [apply] simp [badMDP]

Note: This linter can be disabled with `set_option linter.unusedSimpArgs false`
warning: PolicyGradient/Proofs.lean:1119:4: try 'simp' instead of 'simpa'

Note: This linter can be disabled with `set_option linter.unnecessarySimpa false`
warning: PolicyGradient/Proofs.lean:1783:0: automatically included section variable(s) unused in theorem `PolicyGradient.Proofs.norm_pr_le`:
  [DecidableEq S]
  [DecidableEq A]
  [Nonempty S]
  [Nonempty A]
consider restructuring your `variable` declarations so that the variables are not in scope or explicitly omit them:
  omit [DecidableEq S] [DecidableEq A] [Nonempty S] [Nonempty A] in theorem ...

Note: This linter can be disabled with `set_option linter.unusedSectionVars false`
warning: PolicyGradient/Proofs.lean:1794:0: automatically included section variable(s) unused in theorem `PolicyGradient.Proofs.hasFDeriv_expCoord`:
  [DecidableEq S]
  [DecidableEq A]
  [Nonempty S]
  [Nonempty A]
consider restructuring your `variable` declarations so that the variables are not in scope or explicitly omit them:
  omit [DecidableEq S] [DecidableEq A] [Nonempty S] [Nonempty A] in theorem ...

Note: This linter can be disabled with `set_option linter.unusedSectionVars false`
warning: PolicyGradient/Proofs.lean:1813:0: automatically included section variable(s) unused in theorem `PolicyGradient.Proofs.den_pos`:
  [Fintype S]
  [DecidableEq S]
  [Nonempty S]
consider restructuring your `variable` declarations so that the variables are not in scope or explicitly omit them:
  omit [Fintype S] [DecidableEq S] [Nonempty S] in theorem ...

Note: This linter can be disabled with `set_option linter.unusedSectionVars false`
warning: PolicyGradient/Proofs.lean:1968:0: automatically included section variable(s) unused in theorem `PolicyGradient.Proofs.score_diff`:
  [DecidableEq S]
  [Nonempty S]
consider restructuring your `variable` declarations so that the variables are not in scope or explicitly omit them:
  omit [DecidableEq S] [Nonempty S] in theorem ...

Note: This linter can be disabled with `set_option linter.unusedSectionVars false`
warning: PolicyGradient/Proofs.lean:2007:0: automatically included section variable(s) unused in theorem `PolicyGradient.Proofs.abs_Qinf_le`:
  [DecidableEq A]
  [Nonempty S]
  [Nonempty A]
consider restructuring your `variable` declarations so that the variables are not in scope or explicitly omit them:
  omit [DecidableEq A] [Nonempty S] [Nonempty A] in theorem ...

Note: This linter can be disabled with `set_option linter.unusedSectionVars false`
warning: PolicyGradient/Proofs.lean:2032:0: automatically included section variable(s) unused in theorem `PolicyGradient.Proofs.Vinf_diff_eq`:
  [DecidableEq A]
  [Nonempty S]
  [Nonempty A]
consider restructuring your `variable` declarations so that the variables are not in scope or explicitly omit them:
  omit [DecidableEq A] [Nonempty S] [Nonempty A] in theorem ...

Note: This linter can be disabled with `set_option linter.unusedSectionVars false`
⚠ [2489/2510] Replayed PolicyGradient.Proofs.G1
warning: PolicyGradient/Proofs/G1.lean:37:0: automatically included section variable(s) unused in theorem `PolicyGradient.Proofs.advInf_eq`:
  [DecidableEq A]
  [Nonempty S]
  [Nonempty A]
consider restructuring your `variable` declarations so that the variables are not in scope or explicitly omit them:
  omit [DecidableEq A] [Nonempty S] [Nonempty A] in theorem ...

Note: This linter can be disabled with `set_option linter.unusedSectionVars false`
warning: PolicyGradient/Proofs/G1.lean:99:0: automatically included section variable(s) unused in theorem `PolicyGradient.Proofs.pdInf_step`:
  [DecidableEq A]
  [Nonempty S]
  [Nonempty A]
consider restructuring your `variable` declarations so that the variables are not in scope or explicitly omit them:
  omit [DecidableEq A] [Nonempty S] [Nonempty A] in theorem ...

Note: This linter can be disabled with `set_option linter.unusedSectionVars false`
warning: PolicyGradient/Proofs/G1.lean:134:0: automatically included section variable(s) unused in theorem `PolicyGradient.Proofs.eq_zero_of_contraction`:
  [DecidableEq A]
  [Nonempty A]
consider restructuring your `variable` declarations so that the variables are not in scope or explicitly omit them:
  omit [DecidableEq A] [Nonempty A] in theorem ...

Note: This linter can be disabled with `set_option linter.unusedSectionVars false`
warning: PolicyGradient/Proofs/G1.lean:247:0: automatically included section variable(s) unused in theorem `PolicyGradient.Proofs.sup_le_of_contraction`:
  [DecidableEq S]
  [DecidableEq A]
  [Nonempty A]
consider restructuring your `variable` declarations so that the variables are not in scope or explicitly omit them:
  omit [DecidableEq S] [DecidableEq A] [Nonempty A] in theorem ...

Note: This linter can be disabled with `set_option linter.unusedSectionVars false`
warning: PolicyGradient/Proofs/G1.lean:248:5: Variable name `hγ₀` is not explicitly referenced.

Hint: The binding can be removed (if unused) or named `_` (if used implicitly). Alternatively, prefix the name with `_` to silence this warning:
  [apply] _hγ₀

Note: This linter can be disabled with `set_option linter.unusedVariables false`
warning: PolicyGradient/Proofs/G1.lean:248:57: Variable name `hBnn` is not explicitly referenced.

Hint: The binding can be removed (if unused) or named `_` (if used implicitly). Alternatively, prefix the name with `_` to silence this warning:
  [apply] _hBnn

Note: This linter can be disabled with `set_option linter.unusedVariables false`
warning: PolicyGradient/Proofs/G1.lean:410:0: automatically included section variable(s) unused in theorem `PolicyGradient.Proofs.dg_sub_const`:
  [Fintype S]
  [DecidableEq S]
  [DecidableEq A]
  [Nonempty S]
consider restructuring your `variable` declarations so that the variables are not in scope or explicitly omit them:
  omit [Fintype S] [DecidableEq S] [DecidableEq A] [Nonempty S] in theorem ...

Note: This linter can be disabled with `set_option linter.unusedSectionVars false`
warning: PolicyGradient/Proofs/G1.lean:456:8: `ContinuousLinearMap.sum_apply` has been deprecated: Use `_root_.sum_apply` instead

Note: The updated constant is in a different namespace. Dot notation may need to be changed (e.g., from `x.sum_apply` to `_root_.sum_apply x`).
warning: PolicyGradient/Proofs/G1.lean:458:8: `ContinuousLinearMap.smul_apply` has been deprecated: Use `smul_apply` instead

Note: The updated constant is in a different namespace. Dot notation may need to be changed (e.g., from `x.smul_apply` to `smul_apply x`).
warning: PolicyGradient/Proofs/G1.lean:616:31: `ContinuousLinearMap.sum_apply` has been deprecated: Use `_root_.sum_apply` instead

Note: The updated constant is in a different namespace. Dot notation may need to be changed (e.g., from `x.sum_apply` to `_root_.sum_apply x`).
warning: PolicyGradient/Proofs/G1.lean:617:4: `ContinuousLinearMap.smul_apply` has been deprecated: Use `smul_apply` instead

Note: The updated constant is in a different namespace. Dot notation may need to be changed (e.g., from `x.smul_apply` to `smul_apply x`).
warning: PolicyGradient/Proofs/G1.lean:630:0: automatically included section variable(s) unused in theorem `PolicyGradient.Proofs.le_norm_apply`:
  [DecidableEq S]
  [DecidableEq A]
  [Nonempty S]
  [Nonempty A]
consider restructuring your `variable` declarations so that the variables are not in scope or explicitly omit them:
  omit [DecidableEq S] [DecidableEq A] [Nonempty S] [Nonempty A] in theorem ...

Note: This linter can be disabled with `set_option linter.unusedSectionVars false`
warning: PolicyGradient/Proofs/G1.lean:645:6: `ContinuousLinearMap.sum_apply` has been deprecated: Use `_root_.sum_apply` instead

Note: The updated constant is in a different namespace. Dot notation may need to be changed (e.g., from `x.sum_apply` to `_root_.sum_apply x`).
warning: PolicyGradient/Proofs/G1.lean:655:8: `ContinuousLinearMap.smul_apply` has been deprecated: Use `smul_apply` instead

Note: The updated constant is in a different namespace. Dot notation may need to be changed (e.g., from `x.smul_apply` to `smul_apply x`).
warning: PolicyGradient/Proofs/G1.lean:638:0: automatically included section variable(s) unused in theorem `PolicyGradient.Proofs.dg_single`:
  [Fintype S]
  [Nonempty S]
consider restructuring your `variable` declarations so that the variables are not in scope or explicitly omit them:
  omit [Fintype S] [Nonempty S] in theorem ...

Note: This linter can be disabled with `set_option linter.unusedSectionVars false`
warning: PolicyGradient/Proofs/G1.lean:692:6: `ContinuousLinearMap.sum_apply` has been deprecated: Use `_root_.sum_apply` instead

Note: The updated constant is in a different namespace. Dot notation may need to be changed (e.g., from `x.sum_apply` to `_root_.sum_apply x`).
warning: PolicyGradient/Proofs/G1.lean:702:8: `ContinuousLinearMap.smul_apply` has been deprecated: Use `smul_apply` instead

Note: The updated constant is in a different namespace. Dot notation may need to be changed (e.g., from `x.smul_apply` to `smul_apply x`).
warning: PolicyGradient/Proofs/G1.lean:734:0: automatically included section variable(s) unused in theorem `PolicyGradient.Proofs.testVec_sum_apply`:
  [Fintype S]
  [Fintype A]
  [Nonempty S]
  [Nonempty A]
consider restructuring your `variable` declarations so that the variables are not in scope or explicitly omit them:
  omit [Fintype S] [Fintype A] [Nonempty S] [Nonempty A] in theorem ...

Note: This linter can be disabled with `set_option linter.unusedSectionVars false`
warning: PolicyGradient/Proofs/G1.lean:758:12: This simp argument is unused:
  h

Hint: Omit it from the simp argument list.
  [apply] simp [h2]

Note: This linter can be disabled with `set_option linter.unusedSimpArgs false`
warning: PolicyGradient/Proofs/G1.lean:779:21: This simp argument is unused:
  if_pos rfl

Hint: Omit it from the simp argument list.
  [apply] simp only [hb, Real.norm_eq_abs]

Note: This linter can be disabled with `set_option linter.unusedSimpArgs false`
warning: PolicyGradient/Proofs/G1.lean:781:12: This simp argument is unused:
  sq_abs

Hint: Omit it from the simp argument list.
  [apply] simp [abs_of_nonneg, hσ x]

Note: This linter can be disabled with `set_option linter.unusedSimpArgs false`
warning: PolicyGradient/Proofs/G1.lean:781:20: This simp argument is unused:
  abs_of_nonneg

Hint: Omit it from the simp argument list.
  [apply] simp [sq_abs, hσ x]

Note: This linter can be disabled with `set_option linter.unusedSimpArgs false`
warning: PolicyGradient/Proofs/G1.lean:829:6: `push_neg` has been deprecated. Prefer using `push Not` instead.
If you'd rather continue using `push_neg` in your project, you can implement it as follows:
```
open Lean.Parser.Tactic in
macro "push_neg" cfg:optConfig loc:(location)? : tactic =>
  `(tactic| push $cfg:optConfig Not $[$loc]?)
```
warning: PolicyGradient/Proofs/G1.lean:900:0: automatically included section variable(s) unused in theorem `PolicyGradient.Proofs.loja_le`:
  [DecidableEq S]
  [DecidableEq A]
  [Nonempty S]
  [Nonempty A]
consider restructuring your `variable` declarations so that the variables are not in scope or explicitly omit them:
  omit [DecidableEq S] [DecidableEq A] [Nonempty S] [Nonempty A] in theorem ...

Note: This linter can be disabled with `set_option linter.unusedSectionVars false`
warning: PolicyGradient/Proofs/G1.lean:904:0: automatically included section variable(s) unused in theorem `PolicyGradient.Proofs.loja_nonneg`:
  [Fintype S]
  [DecidableEq S]
  [DecidableEq A]
  [Nonempty A]
consider restructuring your `variable` declarations so that the variables are not in scope or explicitly omit them:
  omit [Fintype S] [DecidableEq S] [DecidableEq A] [Nonempty A] in theorem ...

Note: This linter can be disabled with `set_option linter.unusedSectionVars false`
warning: PolicyGradient/Proofs/G1.lean:914:21: Variable name `hastar` is not explicitly referenced.

Hint: The binding can be removed (if unused) or named `_` (if used implicitly). Alternatively, prefix the name with `_` to silence this warning:
  [apply] _hastar

Note: This linter can be disabled with `set_option linter.unusedVariables false`
⚠ [2508/2510] Replayed PolicyGradient.Proofs.Mei6
warning: PolicyGradient/Proofs/Mei6.lean:79:23: This simp argument is unused:
  Fintype.sum_bool

Hint: Omit it from the simp argument list.
  [apply] simp [m6MDP]

Note: This linter can be disabled with `set_option linter.unusedSimpArgs false`
warning: PolicyGradient/Proofs/Mei6.lean:85:55: This simp argument is unused:
  Fintype.sum_bool

Hint: Omit it from the simp argument list.
  [apply] simp

Note: This linter can be disabled with `set_option linter.unusedSimpArgs false`
warning: PolicyGradient/Proofs/Mei6.lean:90:10: This simp argument is unused:
  Fintype.sum_bool

Hint: Omit it from the simp argument list.
  [apply] simp

Note: This linter can be disabled with `set_option linter.unusedSimpArgs false`
✖ [2510/2510] Building PolicyGradient.Proofs.Entropy (6.2s)
trace: .> LEAN_PATH=/home/kasper/projects/policy-gradient-lean/.lake/packages/Cli/.lake/build/lib/lean:/home/kasper/projects/policy-gradient-lean/.lake/packages/batteries/.lake/build/lib/lean:/home/kasper/projects/policy-gradient-lean/.lake/packages/Qq/.lake/build/lib/lean:/home/kasper/projects/policy-gradient-lean/.lake/packages/aesop/.lake/build/lib/lean:/home/kasper/projects/policy-gradient-lean/.lake/packages/proofwidgets/.lake/build/lib/lean:/home/kasper/projects/policy-gradient-lean/.lake/packages/importGraph/.lake/build/lib/lean:/home/kasper/projects/policy-gradient-lean/.lake/packages/LeanSearchClient/.lake/build/lib/lean:/home/kasper/projects/policy-gradient-lean/.lake/packages/plausible/.lake/build/lib/lean:/home/kasper/projects/policy-gradient-lean/.lake/packages/mathlib/.lake/build/lib/lean:/tmp/wt-entropy/policy-gradient/.lake/build/lib/lean /home/kasper/.elan/toolchains/leanprover--lean4---v4.33.0/bin/lean /tmp/wt-entropy/policy-gradient/PolicyGradient/Proofs/Entropy.lean -o /tmp/wt-entropy/policy-gradient/.lake/build/lib/lean/PolicyGradient/Proofs/Entropy.olean -i /tmp/wt-entropy/policy-gradient/.lake/build/lib/lean/PolicyGradient/Proofs/Entropy.ilean -c /tmp/wt-entropy/policy-gradient/.lake/build/ir/PolicyGradient/Proofs/Entropy.c --setup /tmp/wt-entropy/policy-gradient/.lake/build/ir/PolicyGradient/Proofs/Entropy.setup.json --json
warning: PolicyGradient/Proofs/Entropy.lean:28:0: automatically included section variable(s) unused in theorem `PolicyGradient.Proofs.abs_VsoftDisc_le`:
  [DecidableEq A]
  [Nonempty S]
  [Nonempty A]
consider restructuring your `variable` declarations so that the variables are not in scope or explicitly omit them:
  omit [DecidableEq A] [Nonempty S] [Nonempty A] in theorem ...

Note: This linter can be disabled with `set_option linter.unusedSectionVars false`
warning: PolicyGradient/Proofs/Entropy.lean:143:0: automatically included section variable(s) unused in theorem `PolicyGradient.Proofs.VsoftDisc_eq_sum_QsoftDisc`:
  [DecidableEq A]
  [Nonempty S]
  [Nonempty A]
consider restructuring your `variable` declarations so that the variables are not in scope or explicitly omit them:
  omit [DecidableEq A] [Nonempty S] [Nonempty A] in theorem ...

Note: This linter can be disabled with `set_option linter.unusedSectionVars false`
info: PolicyGradient/Proofs/Entropy.lean:239:4: Try this:
  [apply] ring_nf
  
  The `ring` tactic failed to close the goal. Use `ring_nf` to obtain a normal form.
    
  Note that `ring` works primarily in *commutative* rings. If you have a noncommutative ring, abelian group or module, consider using `noncomm_ring`, `abel` or `module` instead.
error: PolicyGradient/Proofs/Entropy.lean:232:72: unsolved goals
S : Type u_1
A : Type u_2
inst✝⁵ : Fintype S
inst✝⁴ : Fintype A
inst✝³ : DecidableEq S
inst✝² : DecidableEq A
inst✝¹ : Nonempty S
inst✝ : Nonempty A
M : FiniteMDP S A
π π' : Policy S A
τ : ℝ
hτ : 0 ≤ τ
hr : ∀ (s : S) (a : A), |M.r s a| ≤ 1
hγ₀ : 0 ≤ M.γ
hγ₁ : M.γ < 1
s : S
hπ' : VsoftDisc M π' τ s = ∑ a, (π' s).prob a * QsoftDisc M π' τ s a + τ * entropy (π' s)
hadv :
  advGapSoft M π π' τ s =
    ∑ a, (π' s).prob a * QsoftDisc M π τ s a - τ * ∑ a, (π' s).prob a * Real.log ((π s).prob a) - VsoftDisc M π τ s
⊢ -(τ * ∑ x, (π' s).prob x * Real.log ((π' s).prob x)) =
    -(τ * ∑ x, (π' s).prob x * Real.log ((π' s).prob x)) + (τ * ∑ x, (π' s).prob x * Real.log ((π s).prob x)) * 2
info: PolicyGradient/Proofs/Entropy.lean:277:31: Try this:
  [apply] ring_nf
  
  The `ring` tactic failed to close the goal. Use `ring_nf` to obtain a normal form.
    
  Note that `ring` works primarily in *commutative* rings. If you have a noncommutative ring, abelian group or module, consider using `noncomm_ring`, `abel` or `module` instead.
error: PolicyGradient/Proofs/Entropy.lean:210:60: unsolved goals
S : Type u_1
A : Type u_2
inst✝⁵ : Fintype S
inst✝⁴ : Fintype A
inst✝³ : DecidableEq S
inst✝² : DecidableEq A
inst✝¹ : Nonempty S
inst✝ : Nonempty A
M : FiniteMDP S A
π π' : Policy S A
τ : ℝ
hτ : 0 ≤ τ
hr : ∀ (s : S) (a : A), |M.r s a| ≤ 1
hγ₀ : 0 ≤ M.γ
hγ₁ : M.γ < 1
s : S
hπ' : VsoftDisc M π' τ s = ∑ a, (π' s).prob a * QsoftDisc M π' τ s a + τ * entropy (π' s)
hadv :
  advGapSoft M π π' τ s =
    ∑ a, (π' s).prob a * QsoftDisc M π τ s a - τ * ∑ a, (π' s).prob a * Real.log ((π s).prob a) - VsoftDisc M π τ s
hent : τ * entropy (π' s) = τ * ∑ a, (π' s).prob a * Real.log ((π s).prob a) + τ * entGap π π' s
hstep :
  M.γ * ∑ s', step M π' s s' * (VsoftDisc M π' τ s' - VsoftDisc M π τ s') =
    ∑ a, (π' s).prob a * QsoftDisc M π' τ s a - ∑ a, (π' s).prob a * QsoftDisc M π τ s a
⊢ ∑ x, (π' s).prob x * QsoftDisc M π' τ s x + τ * ∑ x, (π' s).prob x * Real.log ((π s).prob x) + τ * entGap π π' s -
      VsoftDisc M π τ s =
    ∑ x, (π' s).prob x * QsoftDisc M π' τ s x - τ * ∑ x, (π' s).prob x * Real.log ((π s).prob x) + τ * entGap π π' s -
      VsoftDisc M π τ s
error: Lean exited with code 1
Some required targets logged failures:
- PolicyGradient.Proofs.Entropy
error: build failed
