dipping seeds: 53/300; worst 5 ratios: [(np.float64(0.2528), 48), (np.float64(0.2695), 86), (np.float64(0.2962), 62), (np.float64(0.3161), 64), (np.float64(0.3704), 153)]

--- seed=48 S=3 A=3 astar=[2 2 2] shortrun ratio=0.2528
   t=       0 m=3.215350e-05 pi(a*|s)=[2.1680360e-02 1.8139554e-01 3.2150000e-05]
            d=[0.14551194 0.1110002  0.74348787] A(s,a*)=[0.87433529 0.07060726 0.43616318]
   t=   40000 m=8.128918e-06 pi(a*|s)=[2.7647540e-02 1.9298032e-01 8.1300000e-06]
            d=[0.1122007  0.02796421 0.8598351 ] A(s,a*)=[0.86679148 0.13603796 0.27186141]
   t=  100000 m=5.122485e-06 pi(a*|s)=[4.4831360e-02 2.0673378e-01 5.1200000e-06]
            d=[0.11086381 0.02424855 0.86488764] A(s,a*)=[0.85145993 0.13864984 0.26470151]
   t= 1000000 m=1.797676e-06 pi(a*|s)=[9.9470029e-01 7.6106115e-01 1.8000000e-06]
            d=[0.11301484 0.01643055 0.87055461] A(s,a*)=[0.00475052 0.07302661 0.25085425]
   t= 3000000 m=1.085174e-06 pi(a*|s)=[9.9855963e-01 9.4415122e-01 1.0900000e-06]
            d=[0.11349126 0.01479439 0.87171435] A(s,a*)=[0.00129161 0.01587464 0.24993747]
   min_t m=1.08517406e-06 at t=3000000; final m=1.08517406e-06; RECOVERED_ABOVE_MIN=False

--- seed=86 S=3 A=3 astar=[1 0 0] shortrun ratio=0.2695
   t=       0 m=2.560991e-07 pi(a*|s)=[2.6574932e-01 2.6000000e-07 5.1796500e-03]
            d=[0.35681633 0.46805658 0.1751271 ] A(s,a*)=[ 1.14189308 -0.47670327  1.15197855]
   t=   40000 m=6.902132e-08 pi(a*|s)=[9.7022516e-01 7.0000000e-08 5.3738300e-03]
            d=[0.3029367  0.54736128 0.14970202] A(s,a*)=[ 0.04140914 -0.54643482  0.88822736]
   t=  100000 m=4.350504e-08 pi(a*|s)=[9.8931987e-01 4.0000000e-08 5.6737400e-03]
            d=[0.30162522 0.54991598 0.1484588 ] A(s,a*)=[ 0.01484685 -0.55627691  0.88034005]
   t= 1000000 m=1.409206e-08 pi(a*|s)=[9.9897816e-01 1.0000000e-08 9.9128763e-01]
            d=[0.2562272  0.48463927 0.25913354] A(s,a*)=[0.00141612 0.04424488 0.01397374]
   t= 3000000 m=9.349872e-09 pi(a*|s)=[9.9962396e-01 1.0000000e-08 9.9941672e-01]
            d=[0.25556033 0.48376071 0.26067896] A(s,a*)=[0.0005179  0.05307343 0.00094995]
   min_t m=9.34987219e-09 at t=3000000; final m=9.34987219e-09; RECOVERED_ABOVE_MIN=False

--- seed=62 S=2 A=3 astar=[0 0] shortrun ratio=0.2962
   t=       0 m=3.966642e-03 pi(a*|s)=[0.00396664 0.01231981]
            d=[0.62552499 0.37447501] A(s,a*)=[0.16232847 0.89964923]
   t=   40000 m=1.174766e-03 pi(a*|s)=[0.00117477 0.00451066]
            d=[0.68994841 0.31005159] A(s,a*)=[-0.03317956  0.49706388]
   t=  100000 m=7.291628e-04 pi(a*|s)=[0.00072916 0.0030363 ]
            d=[0.69268397 0.30731603] A(s,a*)=[-0.03880328  0.48193576]
   t= 1000000 m=2.220046e-04 pi(a*|s)=[0.000222   0.00158307]
            d=[0.69439907 0.30560093] A(s,a*)=[-0.04189244  0.4734341 ]
   t= 3000000 m=1.253880e-04 pi(a*|s)=[0.00012539 0.00338867]
            d=[0.69421881 0.30578119] A(s,a*)=[-0.04180585  0.47246373]
   min_t m=1.25387963e-04 at t=3000000; final m=1.25387963e-04; RECOVERED_ABOVE_MIN=False

--- seed=64 S=2 A=3 astar=[1 1] shortrun ratio=0.3161
   t=       0 m=1.567932e-02 pi(a*|s)=[0.01567932 0.99755218]
            d=[0.5152314 0.4847686] A(s,a*)=[9.4867121e-01 3.2530000e-04]
   t=   40000 m=4.956389e-03 pi(a*|s)=[0.00495639 0.99762542]
            d=[0.5668625 0.4331375] A(s,a*)=[0.07710474 0.00082044]
   t=  100000 m=3.037737e-03 pi(a*|s)=[0.00303774 0.99773675]
            d=[0.56789093 0.43210907] A(s,a*)=[0.0618822  0.00079151]
   t= 1000000 m=1.011763e-03 pi(a*|s)=[0.00101176 0.99867568]
            d=[0.56858324 0.43141676] A(s,a*)=[0.05423193 0.00047376]
   t= 3000000 m=6.430608e-04 pi(a*|s)=[6.4306000e-04 9.9931218e-01]
            d=[0.56871171 0.43128829] A(s,a*)=[0.05374164 0.00025213]
   min_t m=6.43060812e-04 at t=3000000; final m=6.43060812e-04; RECOVERED_ABOVE_MIN=False
