gamma=0.9 eta=1.2500e-04; r in [-1,1]; mu = point mass at s0

 eps=0.01 astar=[0 1] gradFDerr=2.7e-10
          t           m(t)      pi(a*|s1)       d(s1)   grad[s1,a*]
          0   6.144175e-06   6.144175e-06   8.257e-02    +1.015e-05
      10000   6.144330e-06   6.144330e-06   8.257e-02    +1.015e-05
     100000   6.145734e-06   6.145734e-06   8.257e-02    +1.015e-05
    1000000   6.159799e-06   6.159799e-06   8.257e-02    +1.017e-05
   min_t m=6.14417460e-06 at t=0 -> min at t=0, m nondecreasing

 eps=0.0001 astar=[0 1] gradFDerr=9.5e-11
          t           m(t)      pi(a*|s1)       d(s1)   grad[s1,a*]
          0   6.144175e-06   6.144175e-06   8.992e-04    +1.105e-07
      10000   6.144176e-06   6.144176e-06   8.992e-04    +1.105e-07
     100000   6.144192e-06   6.144192e-06   8.992e-04    +1.105e-07
    1000000   6.144344e-06   6.144344e-06   8.992e-04    +1.105e-07
   min_t m=6.14417460e-06 at t=0 -> min at t=0, m nondecreasing

 eps=1e-06 astar=[0 1] gradFDerr=2.6e-10
          t           m(t)      pi(a*|s1)       d(s1)   grad[s1,a*]
          0   6.144175e-06   6.144175e-06   9.000e-06    +1.106e-09
      10000   6.144175e-06   6.144175e-06   9.000e-06    +1.106e-09
     100000   6.144175e-06   6.144175e-06   9.000e-06    +1.106e-09
    1000000   6.144176e-06   6.144176e-06   9.000e-06    +1.106e-09
   min_t m=6.14417460e-06 at t=0 -> min at t=0, m nondecreasing
